// Jest Snapshot v1, https://goo.gl/fbAQLP

exports[`<TextField /> renders with error 1`] = `
.c1 {
  display: -webkit-box;
  display: -webkit-flex;
  display: -ms-flexbox;
  display: flex;
  -webkit-align-items: center;
  -webkit-box-align: center;
  -ms-flex-align: center;
  align-items: center;
  background: #EAEAEA;
  border-radius: 0.2rem;
  padding: 0 1.6rem;
  border: 0.2rem solid;
  border-color: #EAEAEA;
}

.c1:focus-within {
  box-shadow: 0 0 0.5rem #F231A5;
}

.c3 {
  font-size: 1.2rem;
}

.c2 {
  color: #030517;
  font-family: Poppins,-apple-system,BlinkMacSystemFont,'Segoe UI',Roboto,Oxygen,Ubuntu,Cantarell,'Open Sans','Helvetica Neue',sans-serif;
  font-size: 1.6rem;
  padding: 0.8rem 0;
  padding-left: 1.6rem;
  background: transparent;
  border: 0;
  outline: none;
  width: 100%;
}

.c0 {
  font-size: 1.4rem;
  color: #030517;
  cursor: pointer;
}

<div
  class=""
>
  <label
    class="c0"
    for="TextField"
  >
    TextField
  </label>
  <div
    class="c1"
  >
    <input
      class="c2"
      type="text"
      value=""
    />
  </div>
  <p
    class="c3"
  >
    Error message
  </p>
</div>
`;
